---
source: src/lib.rs
expression: hydrated.original
---
GameState {
    cells: {
        Address {
            x: 1,
            y: 0,
        }: 0,
        Address {
            x: 0,
            y: 0,
        }: 0,
    },
    units: {
        0: Unit {
            order: None,
        },
    },
}
