---
source: src/lib.rs
expression: hydrated
---
HydratedGameState {
    units: {
        0: HydratedUnit {
            unit: Unit,
            addresses: [
                Address {
                    x: 0,
                    y: 0,
                },
            ],
        },
        1: HydratedUnit {
            unit: Unit,
            addresses: [
                Address {
                    x: 2,
                    y: 0,
                },
            ],
        },
    },
    original: GameState {
        cells: {
            Address {
                x: 2,
                y: 0,
            }: 1,
            Address {
                x: 0,
                y: 0,
            }: 0,
        },
        units: {
            1: Unit,
            0: Unit,
        },
    },
}
