---
source: src/lib.rs
expression: state.finalize()
---
FinalizedGameState {
    cells: [
        (
            Address {
                x: 13,
                y: 79,
            },
            Unit {
                pathes: {
                    RelativePath {
                        x: -1,
                        y: 1,
                    },
                    RelativePath {
                        x: -1,
                        y: 2,
                    },
                    RelativePath {
                        x: 0,
                        y: 0,
                    },
                    RelativePath {
                        x: 0,
                        y: 1,
                    },
                    RelativePath {
                        x: 1,
                        y: 0,
                    },
                    RelativePath {
                        x: 1,
                        y: 1,
                    },
                    RelativePath {
                        x: 1,
                        y: 2,
                    },
                    RelativePath {
                        x: 2,
                        y: 0,
                    },
                    RelativePath {
                        x: 2,
                        y: 1,
                    },
                },
            },
        ),
        (
            Address {
                x: 29,
                y: 41,
            },
            Unit {
                pathes: {
                    RelativePath {
                        x: -2,
                        y: 0,
                    },
                    RelativePath {
                        x: -1,
                        y: 0,
                    },
                    RelativePath {
                        x: -1,
                        y: 1,
                    },
                    RelativePath {
                        x: -1,
                        y: 2,
                    },
                    RelativePath {
                        x: 0,
                        y: -1,
                    },
                    RelativePath {
                        x: 0,
                        y: 0,
                    },
                    RelativePath {
                        x: 0,
                        y: 1,
                    },
                    RelativePath {
                        x: 1,
                        y: -1,
                    },
                    RelativePath {
                        x: 1,
                        y: 0,
                    },
                    RelativePath {
                        x: 2,
                        y: 0,
                    },
                },
            },
        ),
        (
            Address {
                x: 89,
                y: 4,
            },
            Unit {
                pathes: {
                    RelativePath {
                        x: 0,
                        y: 0,
                    },
                    RelativePath {
                        x: 0,
                        y: 1,
                    },
                    RelativePath {
                        x: 1,
                        y: 0,
                    },
                    RelativePath {
                        x: 1,
                        y: 1,
                    },
                    RelativePath {
                        x: 2,
                        y: 1,
                    },
                },
            },
        ),
        (
            Address {
                x: 62,
                y: 14,
            },
            Unit {
                pathes: {
                    RelativePath {
                        x: 0,
                        y: -3,
                    },
                    RelativePath {
                        x: 0,
                        y: -2,
                    },
                    RelativePath {
                        x: 0,
                        y: -1,
                    },
                    RelativePath {
                        x: 0,
                        y: 0,
                    },
                    RelativePath {
                        x: 0,
                        y: 1,
                    },
                    RelativePath {
                        x: 0,
                        y: 2,
                    },
                },
            },
        ),
        (
            Address {
                x: 40,
                y: 66,
            },
            Unit {
                pathes: {
                    RelativePath {
                        x: -1,
                        y: 0,
                    },
                    RelativePath {
                        x: -1,
                        y: 1,
                    },
                    RelativePath {
                        x: -1,
                        y: 2,
                    },
                    RelativePath {
                        x: -1,
                        y: 3,
                    },
                    RelativePath {
                        x: 0,
                        y: -2,
                    },
                    RelativePath {
                        x: 0,
                        y: -1,
                    },
                    RelativePath {
                        x: 0,
                        y: 0,
                    },
                    RelativePath {
                        x: 1,
                        y: -3,
                    },
                    RelativePath {
                        x: 1,
                        y: -2,
                    },
                },
            },
        ),
        (
            Address {
                x: 11,
                y: 38,
            },
            Unit {
                pathes: {
                    RelativePath {
                        x: -1,
                        y: 1,
                    },
                    RelativePath {
                        x: 0,
                        y: 0,
                    },
                    RelativePath {
                        x: 0,
                        y: 1,
                    },
                    RelativePath {
                        x: 1,
                        y: 0,
                    },
                    RelativePath {
                        x: 1,
                        y: 1,
                    },
                    RelativePath {
                        x: 2,
                        y: 1,
                    },
                },
            },
        ),
        (
            Address {
                x: 28,
                y: 82,
            },
            Unit {
                pathes: {
                    RelativePath {
                        x: 0,
                        y: 0,
                    },
                    RelativePath {
                        x: 0,
                        y: 1,
                    },
                    RelativePath {
                        x: 1,
                        y: -1,
                    },
                    RelativePath {
                        x: 1,
                        y: 0,
                    },
                },
            },
        ),
        (
            Address {
                x: 88,
                y: -7,
            },
            Unit {
                pathes: {
                    RelativePath {
                        x: -3,
                        y: 1,
                    },
                    RelativePath {
                        x: -2,
                        y: -1,
                    },
                    RelativePath {
                        x: -2,
                        y: 0,
                    },
                    RelativePath {
                        x: -2,
                        y: 1,
                    },
                    RelativePath {
                        x: -2,
                        y: 2,
                    },
                    RelativePath {
                        x: -1,
                        y: 0,
                    },
                    RelativePath {
                        x: 0,
                        y: 0,
                    },
                },
            },
        ),
        (
            Address {
                x: 19,
                y: 55,
            },
            Unit {
                pathes: {
                    RelativePath {
                        x: 0,
                        y: 0,
                    },
                    RelativePath {
                        x: 0,
                        y: 1,
                    },
                    RelativePath {
                        x: 1,
                        y: 0,
                    },
                    RelativePath {
                        x: 1,
                        y: 1,
                    },
                    RelativePath {
                        x: 1,
                        y: 2,
                    },
                    RelativePath {
                        x: 2,
                        y: -1,
                    },
                    RelativePath {
                        x: 2,
                        y: 0,
                    },
                    RelativePath {
                        x: 2,
                        y: 2,
                    },
                    RelativePath {
                        x: 3,
                        y: -1,
                    },
                },
            },
        ),
        (
            Address {
                x: 53,
                y: 20,
            },
            Unit {
                pathes: {
                    RelativePath {
                        x: -2,
                        y: 1,
                    },
                    RelativePath {
                        x: -1,
                        y: -1,
                    },
                    RelativePath {
                        x: -1,
                        y: 1,
                    },
                    RelativePath {
                        x: -1,
                        y: 2,
                    },
                    RelativePath {
                        x: 0,
                        y: -1,
                    },
                    RelativePath {
                        x: 0,
                        y: 0,
                    },
                    RelativePath {
                        x: 0,
                        y: 1,
                    },
                    RelativePath {
                        x: 1,
                        y: -1,
                    },
                    RelativePath {
                        x: 1,
                        y: 1,
                    },
                    RelativePath {
                        x: 1,
                        y: 2,
                    },
                    RelativePath {
                        x: 2,
                        y: 1,
                    },
                },
            },
        ),
        (
            Address {
                x: 88,
                y: 11,
            },
            Unit {
                pathes: {
                    RelativePath {
                        x: 0,
                        y: -2,
                    },
                    RelativePath {
                        x: 0,
                        y: -1,
                    },
                    RelativePath {
                        x: 0,
                        y: 0,
                    },
                    RelativePath {
                        x: 0,
                        y: 1,
                    },
                },
            },
        ),
        (
            Address {
                x: 43,
                y: 41,
            },
            Unit {
                pathes: {
                    RelativePath {
                        x: -1,
                        y: -1,
                    },
                    RelativePath {
                        x: -1,
                        y: 0,
                    },
                    RelativePath {
                        x: 0,
                        y: -2,
                    },
                    RelativePath {
                        x: 0,
                        y: -1,
                    },
                    RelativePath {
                        x: 0,
                        y: 0,
                    },
                    RelativePath {
                        x: 1,
                        y: -2,
                    },
                    RelativePath {
                        x: 1,
                        y: -1,
                    },
                    RelativePath {
                        x: 2,
                        y: -2,
                    },
                },
            },
        ),
        (
            Address {
                x: 76,
                y: 31,
            },
            Unit {
                pathes: {
                    RelativePath {
                        x: -1,
                        y: 0,
                    },
                    RelativePath {
                        x: 0,
                        y: 0,
                    },
                    RelativePath {
                        x: 0,
                        y: 1,
                    },
                    RelativePath {
                        x: 0,
                        y: 2,
                    },
                    RelativePath {
                        x: 0,
                        y: 3,
                    },
                    RelativePath {
                        x: 1,
                        y: 2,
                    },
                    RelativePath {
                        x: 1,
                        y: 3,
                    },
                },
            },
        ),
        (
            Address {
                x: 42,
                y: 12,
            },
            Unit {
                pathes: {
                    RelativePath {
                        x: 0,
                        y: -1,
                    },
                    RelativePath {
                        x: 0,
                        y: 0,
                    },
                    RelativePath {
                        x: 1,
                        y: -2,
                    },
                    RelativePath {
                        x: 1,
                        y: -1,
                    },
                    RelativePath {
                        x: 1,
                        y: 0,
                    },
                    RelativePath {
                        x: 2,
                        y: -3,
                    },
                    RelativePath {
                        x: 2,
                        y: -2,
                    },
                    RelativePath {
                        x: 2,
                        y: -1,
                    },
                    RelativePath {
                        x: 3,
                        y: -3,
                    },
                    RelativePath {
                        x: 3,
                        y: -1,
                    },
                },
            },
        ),
        (
            Address {
                x: 43,
                y: 24,
            },
            Unit {
                pathes: {
                    RelativePath {
                        x: 0,
                        y: -1,
                    },
                    RelativePath {
                        x: 0,
                        y: 0,
                    },
                    RelativePath {
                        x: 1,
                        y: 0,
                    },
                },
            },
        ),
        (
            Address {
                x: 81,
                y: 57,
            },
            Unit {
                pathes: {
                    RelativePath {
                        x: -1,
                        y: 0,
                    },
                    RelativePath {
                        x: 0,
                        y: 0,
                    },
                },
            },
        ),
        (
            Address {
                x: 63,
                y: 51,
            },
            Unit {
                pathes: {
                    RelativePath {
                        x: 0,
                        y: 0,
                    },
                    RelativePath {
                        x: 1,
                        y: 0,
                    },
                    RelativePath {
                        x: 1,
                        y: 1,
                    },
                    RelativePath {
                        x: 2,
                        y: 1,
                    },
                },
            },
        ),
        (
            Address {
                x: 19,
                y: 96,
            },
            Unit {
                pathes: {
                    RelativePath {
                        x: -1,
                        y: 0,
                    },
                    RelativePath {
                        x: 0,
                        y: -1,
                    },
                    RelativePath {
                        x: 0,
                        y: 0,
                    },
                    RelativePath {
                        x: 0,
                        y: 1,
                    },
                    RelativePath {
                        x: 1,
                        y: 1,
                    },
                    RelativePath {
                        x: 1,
                        y: 2,
                    },
                },
            },
        ),
        (
            Address {
                x: 12,
                y: 86,
            },
            Unit {
                pathes: {
                    RelativePath {
                        x: -2,
                        y: 0,
                    },
                    RelativePath {
                        x: -1,
                        y: -2,
                    },
                    RelativePath {
                        x: -1,
                        y: 0,
                    },
                    RelativePath {
                        x: 0,
                        y: -2,
                    },
                    RelativePath {
                        x: 0,
                        y: -1,
                    },
                    RelativePath {
                        x: 0,
                        y: 0,
                    },
                    RelativePath {
                        x: 1,
                        y: 0,
                    },
                    RelativePath {
                        x: 1,
                        y: 1,
                    },
                },
            },
        ),
        (
            Address {
                x: 83,
                y: 43,
            },
            Unit {
                pathes: {
                    RelativePath {
                        x: 0,
                        y: 0,
                    },
                    RelativePath {
                        x: 0,
                        y: 1,
                    },
                },
            },
        ),
        (
            Address {
                x: 13,
                y: 44,
            },
            Unit {
                pathes: {
                    RelativePath {
                        x: -2,
                        y: 0,
                    },
                    RelativePath {
                        x: -1,
                        y: -2,
                    },
                    RelativePath {
                        x: -1,
                        y: -1,
                    },
                    RelativePath {
                        x: -1,
                        y: 0,
                    },
                    RelativePath {
                        x: -1,
                        y: 1,
                    },
                    RelativePath {
                        x: 0,
                        y: -2,
                    },
                    RelativePath {
                        x: 0,
                        y: -1,
                    },
                    RelativePath {
                        x: 0,
                        y: 0,
                    },
                    RelativePath {
                        x: 1,
                        y: -2,
                    },
                    RelativePath {
                        x: 1,
                        y: -1,
                    },
                    RelativePath {
                        x: 2,
                        y: -1,
                    },
                },
            },
        ),
        (
            Address {
                x: 12,
                y: 98,
            },
            Unit {
                pathes: {
                    RelativePath {
                        x: -2,
                        y: -1,
                    },
                    RelativePath {
                        x: -1,
                        y: -1,
                    },
                    RelativePath {
                        x: -1,
                        y: 0,
                    },
                    RelativePath {
                        x: 0,
                        y: 0,
                    },
                    RelativePath {
                        x: 0,
                        y: 1,
                    },
                },
            },
        ),
        (
            Address {
                x: 77,
                y: 114,
            },
            Unit {
                pathes: {
                    RelativePath {
                        x: -2,
                        y: 1,
                    },
                    RelativePath {
                        x: -1,
                        y: -2,
                    },
                    RelativePath {
                        x: -1,
                        y: -1,
                    },
                    RelativePath {
                        x: -1,
                        y: 0,
                    },
                    RelativePath {
                        x: -1,
                        y: 1,
                    },
                    RelativePath {
                        x: 0,
                        y: -1,
                    },
                    RelativePath {
                        x: 0,
                        y: 0,
                    },
                    RelativePath {
                        x: 1,
                        y: -1,
                    },
                },
            },
        ),
        (
            Address {
                x: 98,
                y: 38,
            },
            Unit {
                pathes: {
                    RelativePath {
                        x: -1,
                        y: 2,
                    },
                    RelativePath {
                        x: 0,
                        y: 0,
                    },
                    RelativePath {
                        x: 0,
                        y: 1,
                    },
                    RelativePath {
                        x: 0,
                        y: 2,
                    },
                    RelativePath {
                        x: 1,
                        y: 0,
                    },
                    RelativePath {
                        x: 1,
                        y: 2,
                    },
                },
            },
        ),
        (
            Address {
                x: 32,
                y: 76,
            },
            Unit {
                pathes: {
                    RelativePath {
                        x: -1,
                        y: 0,
                    },
                    RelativePath {
                        x: 0,
                        y: 0,
                    },
                    RelativePath {
                        x: 0,
                        y: 1,
                    },
                    RelativePath {
                        x: 1,
                        y: 0,
                    },
                    RelativePath {
                        x: 1,
                        y: 1,
                    },
                    RelativePath {
                        x: 1,
                        y: 2,
                    },
                    RelativePath {
                        x: 1,
                        y: 3,
                    },
                    RelativePath {
                        x: 2,
                        y: 2,
                    },
                    RelativePath {
                        x: 2,
                        y: 3,
                    },
                    RelativePath {
                        x: 2,
                        y: 4,
                    },
                },
            },
        ),
        (
            Address {
                x: 99,
                y: 28,
            },
            Unit {
                pathes: {
                    RelativePath {
                        x: -1,
                        y: 0,
                    },
                    RelativePath {
                        x: 0,
                        y: -1,
                    },
                    RelativePath {
                        x: 0,
                        y: 0,
                    },
                    RelativePath {
                        x: 0,
                        y: 1,
                    },
                    RelativePath {
                        x: 1,
                        y: -1,
                    },
                    RelativePath {
                        x: 1,
                        y: 1,
                    },
                },
            },
        ),
        (
            Address {
                x: 47,
                y: 51,
            },
            Unit {
                pathes: {
                    RelativePath {
                        x: -2,
                        y: 0,
                    },
                    RelativePath {
                        x: -1,
                        y: 0,
                    },
                    RelativePath {
                        x: 0,
                        y: 0,
                    },
                    RelativePath {
                        x: 0,
                        y: 1,
                    },
                    RelativePath {
                        x: 0,
                        y: 2,
                    },
                    RelativePath {
                        x: 1,
                        y: 0,
                    },
                    RelativePath {
                        x: 2,
                        y: 0,
                    },
                },
            },
        ),
        (
            Address {
                x: 76,
                y: 87,
            },
            Unit {
                pathes: {
                    RelativePath {
                        x: -2,
                        y: -3,
                    },
                    RelativePath {
                        x: -2,
                        y: -2,
                    },
                    RelativePath {
                        x: -2,
                        y: -1,
                    },
                    RelativePath {
                        x: -1,
                        y: -3,
                    },
                    RelativePath {
                        x: -1,
                        y: -1,
                    },
                    RelativePath {
                        x: -1,
                        y: 0,
                    },
                    RelativePath {
                        x: 0,
                        y: -2,
                    },
                    RelativePath {
                        x: 0,
                        y: -1,
                    },
                    RelativePath {
                        x: 0,
                        y: 0,
                    },
                    RelativePath {
                        x: 0,
                        y: 1,
                    },
                },
            },
        ),
        (
            Address {
                x: 12,
                y: 90,
            },
            Unit {
                pathes: {
                    RelativePath {
                        x: -1,
                        y: 1,
                    },
                    RelativePath {
                        x: -1,
                        y: 2,
                    },
                    RelativePath {
                        x: -1,
                        y: 3,
                    },
                    RelativePath {
                        x: 0,
                        y: 0,
                    },
                    RelativePath {
                        x: 0,
                        y: 1,
                    },
                    RelativePath {
                        x: 1,
                        y: 0,
                    },
                    RelativePath {
                        x: 1,
                        y: 1,
                    },
                },
            },
        ),
        (
            Address {
                x: 63,
                y: 33,
            },
            Unit {
                pathes: {
                    RelativePath {
                        x: -3,
                        y: -2,
                    },
                    RelativePath {
                        x: -2,
                        y: -2,
                    },
                    RelativePath {
                        x: -2,
                        y: -1,
                    },
                    RelativePath {
                        x: -1,
                        y: -1,
                    },
                    RelativePath {
                        x: -1,
                        y: 0,
                    },
                    RelativePath {
                        x: 0,
                        y: -1,
                    },
                    RelativePath {
                        x: 0,
                        y: 0,
                    },
                },
            },
        ),
    ],
}
