---
source: src/lib.rs
expression: state
---
GameState {
    cells: {
        Address {
            x: -1,
            y: 3,
        }: 2,
        Address {
            x: 0,
            y: 0,
        }: 1,
        Address {
            x: 5,
            y: 0,
        }: 3,
    },
    units: {
        1: Unit {
            order: Some(
                Stop,
            ),
        },
        2: Unit {
            order: None,
        },
        3: Unit {
            order: None,
        },
    },
}
