---
source: src/lib.rs
expression: relational
---
RelationalOneToMany {
    one_to_many: {
        0: {
            0,
            1,
        },
        1: {
            2,
        },
    },
    original: {
        0: 0,
        1: 0,
        2: 1,
    },
}
